---
source: parse/src/lib.rs
expression: ast
---
Description {
    bindings: RefCell {
        value: Env {
            parent: None,
            bindings: {},
        },
    },
    rules: [
        Rule {
            name: [
                116,
                111,
                117,
                99,
                104,
            ],
            bindings: {
                [
                    99,
                    111,
                    109,
                    109,
                    97,
                    110,
                    100,
                ]: Expr(
                    [
                        Literal(
                            [
                                116,
                                111,
                                117,
                                99,
                                104,
                            ],
                        ),
                    ],
                ),
            },
        },
    ],
    builds: [
        Build {
            rule: [
                116,
                111,
                117,
                99,
                104,
            ],
            inputs: [],
            outputs: [
                Expr(
                    [
                        Literal(
                            [
                                102,
                                111,
                                111,
                                46,
                                111,
                            ],
                        ),
                    ],
                ),
                Expr(
                    [
                        Literal(
                            [
                                102,
                                111,
                                111,
                                46,
                                112,
                            ],
                        ),
                    ],
                ),
            ],
        },
    ],
}
