---
source: parse/tests/parse_test.rs
expression: ast
input_file: parse/tests/parse_inputs/rules_evaluate_lazily.ninja
---
Description {
    builds: [
        Build {
            action: Command(
                "echo foo_suffix",
            ),
            inputs: [],
            implicit_inputs: [],
            order_inputs: [],
            outputs: [
                [
                    102,
                    111,
                    111,
                ],
            ],
        },
    ],
    defaults: None,
}
