---
source: parse/tests/parse_test.rs
expression: ast
input_file: parse/tests/parse_inputs/whitespace_stripping.ninja
---
Description {
    builds: [
        Build {
            action: Command(
                "foo bar",
            ),
            inputs: [],
            implicit_inputs: [],
            order_inputs: [],
            outputs: [
                [
                    120,
                ],
            ],
        },
        Build {
            action: Command(
                "foobar",
            ),
            inputs: [],
            implicit_inputs: [],
            order_inputs: [],
            outputs: [
                [
                    121,
                ],
            ],
        },
    ],
    defaults: None,
}
