---
source: parse/tests/parse_test.rs
expression: ast
input_file: parse/tests/inputs/comments_in_odd_places_2.ninja
---
Description {
    bindings: RefCell {
        value: Env {
            parent: None,
            bindings: {},
        },
    },
    rules: [
        Rule {
            name: [
                102,
                111,
                111,
            ],
            command: Expr(
                [
                    Literal(
                        [
                            102,
                            111,
                            111,
                            32,
                        ],
                    ),
                    Literal(
                        [
                            32,
                        ],
                    ),
                ],
            ),
        },
    ],
    builds: [],
}
