---
source: parse/tests/parse_test.rs
expression: ast
input_file: parse/tests/inputs/var1.ninja
---
Description {
    bindings: RefCell {
        value: Env {
            parent: None,
            bindings: {},
        },
    },
    rules: [
        Rule {
            name: [
                101,
                99,
                104,
                111,
            ],
            bindings: {
                [
                    99,
                    111,
                    109,
                    109,
                    97,
                    110,
                    100,
                ]: Expr(
                    [
                        Literal(
                            [
                                101,
                                99,
                                104,
                                111,
                                32,
                            ],
                        ),
                        Reference(
                            [
                                102,
                                111,
                                111,
                            ],
                        ),
                    ],
                ),
            },
        },
    ],
    builds: [],
    includes: [],
}
