---
source: parse/tests/parse_test.rs
expression: ast
input_file: parse/tests/parse_inputs/var_in_path_1.ninja
---
Description {
    builds: [
        Build {
            action: Command(
                "echo a path with spaces and another one",
            ),
            inputs: [],
            implicit_inputs: [],
            order_inputs: [],
            outputs: [
                [
                    97,
                    32,
                    112,
                    97,
                    116,
                    104,
                    32,
                    119,
                    105,
                    116,
                    104,
                    32,
                    115,
                    112,
                    97,
                    99,
                    101,
                    115,
                ],
                [
                    97,
                    110,
                    100,
                    32,
                    97,
                    110,
                    111,
                    116,
                    104,
                    101,
                    114,
                    32,
                    111,
                    110,
                    101,
                ],
            ],
        },
        Build {
            action: Command(
                "echo  startswitha$",
            ),
            inputs: [],
            implicit_inputs: [],
            order_inputs: [],
            outputs: [
                [
                    32,
                    115,
                    116,
                    97,
                    114,
                    116,
                    115,
                    119,
                    105,
                    116,
                    104,
                    97,
                    36,
                ],
            ],
        },
    ],
    defaults: None,
}
